13:47:28 **** Build of configuration Debug for project toggleLed ****
make -j16 all 
arm-none-eabi-gcc "../Drivers/STM32F1xx_HAL_Driver/Src/stm32f1xx_hal.c" -mcpu=cortex-m3 -std=gnu11 -g3 -DDEBUG -DUSE_HAL_DRIVER -DSTM32F103x6 -c -I../Core/Inc -I../Drivers/STM32F1xx_HAL_Driver/Inc/Legacy -I../Drivers/STM32F1xx_HAL_Driver/Inc -I../Drivers/CMSIS/Device/ST/STM32F1xx/Include -I../Drivers/CMSIS/Include -O0 -ffunction-sections -fdata-sections -Wall -fstack-usage -fcyclomatic-complexity -MMD -MP -MF"Drivers/STM32F1xx_HAL_Driver/Src/stm32f1xx_hal.d" -MT"Drivers/STM32F1xx_HAL_Driver/Src/stm32f1xx_hal.o" --specs=nano.specs -mfloat-abi=soft -mthumb -o "Drivers/STM32F1xx_HAL_Driver/Src/stm32f1xx_hal.o"
arm-none-eabi-gcc "../Drivers/STM32F1xx_HAL_Driver/Src/stm32f1xx_hal_cortex.c" -mcpu=cortex-m3 -std=gnu11 -g3 -DDEBUG -DUSE_HAL_DRIVER -DSTM32F103x6 -c -I../Core/Inc -I../Drivers/STM32F1xx_HAL_Driver/Inc/Legacy -I../Drivers/STM32F1xx_HAL_Driver/Inc -I../Drivers/CMSIS/Device/ST/STM32F1xx/Include -I../Drivers/CMSIS/Include -O0 -ffunction-sections -fdata-sections -Wall -fstack-usage -fcyclomatic-complexity -MMD -MP -MF"Drivers/STM32F1xx_HAL_Driver/Src/stm32f1xx_hal_cortex.d" -MT"Drivers/STM32F1xx_HAL_Driver/Src/stm32f1xx_hal_cortex.o" --specs=nano.specs -mfloat-abi=soft -mthumb -o "Drivers/STM32F1xx_HAL_Driver/Src/stm32f1xx_hal_cortex.o"
arm-none-eabi-gcc "../Drivers/STM32F1xx_HAL_Driver/Src/stm32f1xx_hal_dma.c" -mcpu=cortex-m3 -std=gnu11 -g3 -DDEBUG -DUSE_HAL_DRIVER -DSTM32F103x6 -c -I../Core/Inc -I../Drivers/STM32F1xx_HAL_Driver/Inc/Legacy -I../Drivers/STM32F1xx_HAL_Driver/Inc -I../Drivers/CMSIS/Device/ST/STM32F1xx/Include -I../Drivers/CMSIS/Include -O0 -ffunction-sections -fdata-sections -Wall -fstack-usage -fcyclomatic-complexity -MMD -MP -MF"Drivers/STM32F1xx_HAL_Driver/Src/stm32f1xx_hal_dma.d" -MT"Drivers/STM32F1xx_HAL_Driver/Src/stm32f1xx_hal_dma.o" --specs=nano.specs -mfloat-abi=soft -mthumb -o "Drivers/STM32F1xx_HAL_Driver/Src/stm32f1xx_hal_dma.o"
arm-none-eabi-gcc "../Drivers/STM32F1xx_HAL_Driver/Src/stm32f1xx_hal_exti.c" -mcpu=cortex-m3 -std=gnu11 -g3 -DDEBUG -DUSE_HAL_DRIVER -DSTM32F103x6 -c -I../Core/Inc -I../Drivers/STM32F1xx_HAL_Driver/Inc/Legacy -I../Drivers/STM32F1xx_HAL_Driver/Inc -I../Drivers/CMSIS/Device/ST/STM32F1xx/Include -I../Drivers/CMSIS/Include -O0 -ffunction-sections -fdata-sections -Wall -fstack-usage -fcyclomatic-complexity -MMD -MP -MF"Drivers/STM32F1xx_HAL_Driver/Src/stm32f1xx_hal_exti.d" -MT"Drivers/STM32F1xx_HAL_Driver/Src/stm32f1xx_hal_exti.o" --specs=nano.specs -mfloat-abi=soft -mthumb -o "Drivers/STM32F1xx_HAL_Driver/Src/stm32f1xx_hal_exti.o"
arm-none-eabi-gcc "../Drivers/STM32F1xx_HAL_Driver/Src/stm32f1xx_hal_flash.c" -mcpu=cortex-m3 -std=gnu11 -g3 -DDEBUG -DUSE_HAL_DRIVER -DSTM32F103x6 -c -I../Core/Inc -I../Drivers/STM32F1xx_HAL_Driver/Inc/Legacy -I../Drivers/STM32F1xx_HAL_Driver/Inc -I../Drivers/CMSIS/Device/ST/STM32F1xx/Include -I../Drivers/CMSIS/Include -O0 -ffunction-sections -fdata-sections -Wall -fstack-usage -fcyclomatic-complexity -MMD -MP -MF"Drivers/STM32F1xx_HAL_Driver/Src/stm32f1xx_hal_flash.d" -MT"Drivers/STM32F1xx_HAL_Driver/Src/stm32f1xx_hal_flash.o" --specs=nano.specs -mfloat-abi=soft -mthumb -o "Drivers/STM32F1xx_HAL_Driver/Src/stm32f1xx_hal_flash.o"
arm-none-eabi-gcc "../Drivers/STM32F1xx_HAL_Driver/Src/stm32f1xx_hal_flash_ex.c" -mcpu=cortex-m3 -std=gnu11 -g3 -DDEBUG -DUSE_HAL_DRIVER -DSTM32F103x6 -c -I../Core/Inc -I../Drivers/STM32F1xx_HAL_Driver/Inc/Legacy -I../Drivers/STM32F1xx_HAL_Driver/Inc -I../Drivers/CMSIS/Device/ST/STM32F1xx/Include -I../Drivers/CMSIS/Include -O0 -ffunction-sections -fdata-sections -Wall -fstack-usage -fcyclomatic-complexity -MMD -MP -MF"Drivers/STM32F1xx_HAL_Driver/Src/stm32f1xx_hal_flash_ex.d" -MT"Drivers/STM32F1xx_HAL_Driver/Src/stm32f1xx_hal_flash_ex.o" --specs=nano.specs -mfloat-abi=soft -mthumb -o "Drivers/STM32F1xx_HAL_Driver/Src/stm32f1xx_hal_flash_ex.o"
arm-none-eabi-gcc "../Drivers/STM32F1xx_HAL_Driver/Src/stm32f1xx_hal_gpio.c" -mcpu=cortex-m3 -std=gnu11 -g3 -DDEBUG -DUSE_HAL_DRIVER -DSTM32F103x6 -c -I../Core/Inc -I../Drivers/STM32F1xx_HAL_Driver/Inc/Legacy -I../Drivers/STM32F1xx_HAL_Driver/Inc -I../Drivers/CMSIS/Device/ST/STM32F1xx/Include -I../Drivers/CMSIS/Include -O0 -ffunction-sections -fdata-sections -Wall -fstack-usage -fcyclomatic-complexity -MMD -MP -MF"Drivers/STM32F1xx_HAL_Driver/Src/stm32f1xx_hal_gpio.d" -MT"Drivers/STM32F1xx_HAL_Driver/Src/stm32f1xx_hal_gpio.o" --specs=nano.specs -mfloat-abi=soft -mthumb -o "Drivers/STM32F1xx_HAL_Driver/Src/stm32f1xx_hal_gpio.o"
arm-none-eabi-gcc "../Drivers/STM32F1xx_HAL_Driver/Src/stm32f1xx_hal_gpio_ex.c" -mcpu=cortex-m3 -std=gnu11 -g3 -DDEBUG -DUSE_HAL_DRIVER -DSTM32F103x6 -c -I../Core/Inc -I../Drivers/STM32F1xx_HAL_Driver/Inc/Legacy -I../Drivers/STM32F1xx_HAL_Driver/Inc -I../Drivers/CMSIS/Device/ST/STM32F1xx/Include -I../Drivers/CMSIS/Include -O0 -ffunction-sections -fdata-sections -Wall -fstack-usage -fcyclomatic-complexity -MMD -MP -MF"Drivers/STM32F1xx_HAL_Driver/Src/stm32f1xx_hal_gpio_ex.d" -MT"Drivers/STM32F1xx_HAL_Driver/Src/stm32f1xx_hal_gpio_ex.o" --specs=nano.specs -mfloat-abi=soft -mthumb -o "Drivers/STM32F1xx_HAL_Driver/Src/stm32f1xx_hal_gpio_ex.o"
arm-none-eabi-gcc "../Drivers/STM32F1xx_HAL_Driver/Src/stm32f1xx_hal_pwr.c" -mcpu=cortex-m3 -std=gnu11 -g3 -DDEBUG -DUSE_HAL_DRIVER -DSTM32F103x6 -c -I../Core/Inc -I../Drivers/STM32F1xx_HAL_Driver/Inc/Legacy -I../Drivers/STM32F1xx_HAL_Driver/Inc -I../Drivers/CMSIS/Device/ST/STM32F1xx/Include -I../Drivers/CMSIS/Include -O0 -ffunction-sections -fdata-sections -Wall -fstack-usage -fcyclomatic-complexity -MMD -MP -MF"Drivers/STM32F1xx_HAL_Driver/Src/stm32f1xx_hal_pwr.d" -MT"Drivers/STM32F1xx_HAL_Driver/Src/stm32f1xx_hal_pwr.o" --specs=nano.specs -mfloat-abi=soft -mthumb -o "Drivers/STM32F1xx_HAL_Driver/Src/stm32f1xx_hal_pwr.o"
arm-none-eabi-gcc "../Drivers/STM32F1xx_HAL_Driver/Src/stm32f1xx_hal_rcc.c" -mcpu=cortex-m3 -std=gnu11 -g3 -DDEBUG -DUSE_HAL_DRIVER -DSTM32F103x6 -c -I../Core/Inc -I../Drivers/STM32F1xx_HAL_Driver/Inc/Legacy -I../Drivers/STM32F1xx_HAL_Driver/Inc -I../Drivers/CMSIS/Device/ST/STM32F1xx/Include -I../Drivers/CMSIS/Include -O0 -ffunction-sections -fdata-sections -Wall -fstack-usage -fcyclomatic-complexity -MMD -MP -MF"Drivers/STM32F1xx_HAL_Driver/Src/stm32f1xx_hal_rcc.d" -MT"Drivers/STM32F1xx_HAL_Driver/Src/stm32f1xx_hal_rcc.o" --specs=nano.specs -mfloat-abi=soft -mthumb -o "Drivers/STM32F1xx_HAL_Driver/Src/stm32f1xx_hal_rcc.o"
arm-none-eabi-gcc "../Drivers/STM32F1xx_HAL_Driver/Src/stm32f1xx_hal_rcc_ex.c" -mcpu=cortex-m3 -std=gnu11 -g3 -DDEBUG -DUSE_HAL_DRIVER -DSTM32F103x6 -c -I../Core/Inc -I../Drivers/STM32F1xx_HAL_Driver/Inc/Legacy -I../Drivers/STM32F1xx_HAL_Driver/Inc -I../Drivers/CMSIS/Device/ST/STM32F1xx/Include -I../Drivers/CMSIS/Include -O0 -ffunction-sections -fdata-sections -Wall -fstack-usage -fcyclomatic-complexity -MMD -MP -MF"Drivers/STM32F1xx_HAL_Driver/Src/stm32f1xx_hal_rcc_ex.d" -MT"Drivers/STM32F1xx_HAL_Driver/Src/stm32f1xx_hal_rcc_ex.o" --specs=nano.specs -mfloat-abi=soft -mthumb -o "Drivers/STM32F1xx_HAL_Driver/Src/stm32f1xx_hal_rcc_ex.o"
arm-none-eabi-gcc -mcpu=cortex-m3 -g3 -DDEBUG -c -x assembler-with-cpp -MMD -MP -MF"Core/Startup/startup_stm32f103c6tx.d" -MT"Core/Startup/startup_stm32f103c6tx.o" --specs=nano.specs -mfloat-abi=soft -mthumb -o "Core/Startup/startup_stm32f103c6tx.o" "../Core/Startup/startup_stm32f103c6tx.s"
arm-none-eabi-gcc "../Core/Src/main.c" -mcpu=cortex-m3 -std=gnu11 -g3 -DDEBUG -DUSE_HAL_DRIVER -DSTM32F103x6 -c -I../Core/Inc -I../Drivers/STM32F1xx_HAL_Driver/Inc/Legacy -I../Drivers/STM32F1xx_HAL_Driver/Inc -I../Drivers/CMSIS/Device/ST/STM32F1xx/Include -I../Drivers/CMSIS/Include -O0 -ffunction-sections -fdata-sections -Wall -fstack-usage -fcyclomatic-complexity -MMD -MP -MF"Core/Src/main.d" -MT"Core/Src/main.o" --specs=nano.specs -mfloat-abi=soft -mthumb -o "Core/Src/main.o"
arm-none-eabi-gcc "../Core/Src/stm32f1xx_hal_msp.c" -mcpu=cortex-m3 -std=gnu11 -g3 -DDEBUG -DUSE_HAL_DRIVER -DSTM32F103x6 -c -I../Core/Inc -I../Drivers/STM32F1xx_HAL_Driver/Inc/Legacy -I../Drivers/STM32F1xx_HAL_Driver/Inc -I../Drivers/CMSIS/Device/ST/STM32F1xx/Include -I../Drivers/CMSIS/Include -O0 -ffunction-sections -fdata-sections -Wall -fstack-usage -fcyclomatic-complexity -MMD -MP -MF"Core/Src/stm32f1xx_hal_msp.d" -MT"Core/Src/stm32f1xx_hal_msp.o" --specs=nano.specs -mfloat-abi=soft -mthumb -o "Core/Src/stm32f1xx_hal_msp.o"
arm-none-eabi-gcc "../Core/Src/stm32f1xx_it.c" -mcpu=cortex-m3 -std=gnu11 -g3 -DDEBUG -DUSE_HAL_DRIVER -DSTM32F103x6 -c -I../Core/Inc -I../Drivers/STM32F1xx_HAL_Driver/Inc/Legacy -I../Drivers/STM32F1xx_HAL_Driver/Inc -I../Drivers/CMSIS/Device/ST/STM32F1xx/Include -I../Drivers/CMSIS/Include -O0 -ffunction-sections -fdata-sections -Wall -fstack-usage -fcyclomatic-complexity -MMD -MP -MF"Core/Src/stm32f1xx_it.d" -MT"Core/Src/stm32f1xx_it.o" --specs=nano.specs -mfloat-abi=soft -mthumb -o "Core/Src/stm32f1xx_it.o"
arm-none-eabi-gcc "../Core/Src/syscalls.c" -mcpu=cortex-m3 -std=gnu11 -g3 -DDEBUG -DUSE_HAL_DRIVER -DSTM32F103x6 -c -I../Core/Inc -I../Drivers/STM32F1xx_HAL_Driver/Inc/Legacy -I../Drivers/STM32F1xx_HAL_Driver/Inc -I../Drivers/CMSIS/Device/ST/STM32F1xx/Include -I../Drivers/CMSIS/Include -O0 -ffunction-sections -fdata-sections -Wall -fstack-usage -fcyclomatic-complexity -MMD -MP -MF"Core/Src/syscalls.d" -MT"Core/Src/syscalls.o" --specs=nano.specs -mfloat-abi=soft -mthumb -o "Core/Src/syscalls.o"
In file included from ../Core/Src/main.c:2:
../Core/Src/PLATFORM_TYPES.h:21:42: error: expected ';' before 'typedef'
   21 | typedef volatile int8_t           vint8_t
      |                                          ^
      |                                          ;
   22 | typedef volatile uint8_t          vuint8_t
      | ~~~~~~~                                   
../Core/Src/PLATFORM_TYPES.h:22:43: error: expected ';' before 'typedef'
   22 | typedef volatile uint8_t          vuint8_t
      |                                           ^
      |                                           ;
   23 | 
   24 | typedef volatile int16_t          vint16_t
      | ~~~~~~~                                    
../Core/Src/PLATFORM_TYPES.h:24:43: error: expected ';' before 'typedef'
   24 | typedef volatile int16_t          vint16_t
      |                                           ^
      |                                           ;
   25 | typedef volatile uint16_t         vuint16_t
      | ~~~~~~~                                    
../Core/Src/PLATFORM_TYPES.h:25:44: error: expected ';' before 'typedef'
   25 | typedef volatile uint16_t         vuint16_t
      |                                            ^
      |                                            ;
......
   28 | typedef volatile int32_t          vint32_t
      | ~~~~~~~                                     
../Core/Src/PLATFORM_TYPES.h:28:43: error: expected ';' before 'typedef'
   28 | typedef volatile int32_t          vint32_t
      |                                           ^
      |                                           ;
   29 | typedef volatile uint32_t         vuint32_t
      | ~~~~~~~                                    
../Core/Src/PLATFORM_TYPES.h:29:44: error: expected ';' before 'typedef'
   29 | typedef volatile uint32_t         vuint32_t
      |                                            ^
      |                                            ;
......
   32 | typedef volatile int64_t          vint64_t
      | ~~~~~~~                                     
../Core/Src/PLATFORM_TYPES.h:32:43: error: expected ';' before 'typedef'
   32 | typedef volatile int64_t          vint64_t
      |                                           ^
      |                                           ;
   33 | typedef volatile uint64_t         vuint64_t
      | ~~~~~~~                                    
../Core/Src/PLATFORM_TYPES.h:33:44: error: expected ';' before 'void'
   33 | typedef volatile uint64_t         vuint64_t
      |                                            ^
      |                                            ;
../Core/Src/main.c:11:6: warning: return type of 'main' is not 'int' [-Wmain]
   11 | void main(void){
      |      ^~~~
../Core/Src/main.c: In function 'main':
../Core/Src/main.c:7:24: error: 'vuint32_t' undeclared (first use in this function); did you mean 'uint32_t'?
    7 | #define RCC_APB2ENR *((vuint32_t*) (RCC_BASE+0x18))
      |                        ^~~~~~~~~
../Core/Src/main.c:13:1: note: in expansion of macro 'RCC_APB2ENR'
   13 | RCC_APB2ENR |= 1<<2;
      | ^~~~~~~~~~~
../Core/Src/main.c:7:24: note: each undeclared identifier is reported only once for each function it appears in
    7 | #define RCC_APB2ENR *((vuint32_t*) (RCC_BASE+0x18))
      |                        ^~~~~~~~~
../Core/Src/main.c:13:1: note: in expansion of macro 'RCC_APB2ENR'
   13 | RCC_APB2ENR |= 1<<2;
      | ^~~~~~~~~~~
../Core/Src/main.c:7:34: error: expected expression before ')' token
    7 | #define RCC_APB2ENR *((vuint32_t*) (RCC_BASE+0x18))
      |                                  ^
../Core/Src/main.c:13:1: note: in expansion of macro 'RCC_APB2ENR'
   13 | RCC_APB2ENR |= 1<<2;
      | ^~~~~~~~~~~
../Core/Src/main.c:8:32: error: expected expression before ')' token
    8 | #define GPIOA_CRH *((vuint32_t*) (PORTA_BASE + 0x04))
      |                                ^
../Core/Src/main.c:14:1: note: in expansion of macro 'GPIOA_CRH'
   14 | GPIOA_CRH  &= 0xff0fffff;
      | ^~~~~~~~~
../Core/Src/main.c:8:32: error: expected expression before ')' token
    8 | #define GPIOA_CRH *((vuint32_t*) (PORTA_BASE + 0x04))
      |                                ^
../Core/Src/main.c:15:1: note: in expansion of macro 'GPIOA_CRH'
   15 | GPIOA_CRH  |= 0x00200000;
      | ^~~~~~~~~
../Core/Src/main.c:19:1: error: 'GPIO_ODR' undeclared (first use in this function); did you mean 'GPIOA_ORD'?
   19 | GPIO_ODR ^= 1<<13;
      | ^~~~~~~~
      | GPIOA_ORD
make: *** [Core/Src/subdir.mk:34: Core/Src/main.o] Error 1
make: *** Waiting for unfinished jobs....
"make -j16 all" terminated with exit code 2. Build might be incomplete.
13:49:05 **** Incremental Build of configuration Debug for project toggleLed ****
make -j16 all 
arm-none-eabi-gcc "../Core/Src/main.c" -mcpu=cortex-m3 -std=gnu11 -g3 -DDEBUG -DUSE_HAL_DRIVER -DSTM32F103x6 -c -I../Core/Inc -I../Drivers/STM32F1xx_HAL_Driver/Inc/Legacy -I../Drivers/STM32F1xx_HAL_Driver/Inc -I../Drivers/CMSIS/Device/ST/STM32F1xx/Include -I../Drivers/CMSIS/Include -O0 -ffunction-sections -fdata-sections -Wall -fstack-usage -fcyclomatic-complexity -MMD -MP -MF"Core/Src/main.d" -MT"Core/Src/main.o" --specs=nano.specs -mfloat-abi=soft -mthumb -o "Core/Src/main.o"
arm-none-eabi-gcc "../Core/Src/sysmem.c" -mcpu=cortex-m3 -std=gnu11 -g3 -DDEBUG -DUSE_HAL_DRIVER -DSTM32F103x6 -c -I../Core/Inc -I../Drivers/STM32F1xx_HAL_Driver/Inc/Legacy -I../Drivers/STM32F1xx_HAL_Driver/Inc -I../Drivers/CMSIS/Device/ST/STM32F1xx/Include -I../Drivers/CMSIS/Include -O0 -ffunction-sections -fdata-sections -Wall -fstack-usage -fcyclomatic-complexity -MMD -MP -MF"Core/Src/sysmem.d" -MT"Core/Src/sysmem.o" --specs=nano.specs -mfloat-abi=soft -mthumb -o "Core/Src/sysmem.o"
arm-none-eabi-gcc "../Core/Src/system_stm32f1xx.c" -mcpu=cortex-m3 -std=gnu11 -g3 -DDEBUG -DUSE_HAL_DRIVER -DSTM32F103x6 -c -I../Core/Inc -I../Drivers/STM32F1xx_HAL_Driver/Inc/Legacy -I../Drivers/STM32F1xx_HAL_Driver/Inc -I../Drivers/CMSIS/Device/ST/STM32F1xx/Include -I../Drivers/CMSIS/Include -O0 -ffunction-sections -fdata-sections -Wall -fstack-usage -fcyclomatic-complexity -MMD -MP -MF"Core/Src/system_stm32f1xx.d" -MT"Core/Src/system_stm32f1xx.o" --specs=nano.specs -mfloat-abi=soft -mthumb -o "Core/Src/system_stm32f1xx.o"
../Core/Src/main.c:11:6: warning: return type of 'main' is not 'int' [-Wmain]
   11 | void main(void){
      |      ^~~~
../Core/Src/main.c: In function 'main':
../Core/Src/main.c:19:1: error: 'GPIO_ODR' undeclared (first use in this function); did you mean 'GPIOA_ORD'?
   19 | GPIO_ODR ^= 1<<13;
      | ^~~~~~~~
      | GPIOA_ORD
../Core/Src/main.c:19:1: note: each undeclared identifier is reported only once for each function it appears in
make: *** [Core/Src/subdir.mk:34: Core/Src/main.o] Error 1
make: *** Waiting for unfinished jobs....
"make -j16 all" terminated with exit code 2. Build might be incomplete.
13:49:42 **** Incremental Build of configuration Debug for project toggleLed ****
make -j16 all 
arm-none-eabi-gcc "../Core/Src/main.c" -mcpu=cortex-m3 -std=gnu11 -g3 -DDEBUG -DUSE_HAL_DRIVER -DSTM32F103x6 -c -I../Core/Inc -I../Drivers/STM32F1xx_HAL_Driver/Inc/Legacy -I../Drivers/STM32F1xx_HAL_Driver/Inc -I../Drivers/CMSIS/Device/ST/STM32F1xx/Include -I../Drivers/CMSIS/Include -O0 -ffunction-sections -fdata-sections -Wall -fstack-usage -fcyclomatic-complexity -MMD -MP -MF"Core/Src/main.d" -MT"Core/Src/main.o" --specs=nano.specs -mfloat-abi=soft -mthumb -o "Core/Src/main.o"
../Core/Src/main.c:11:6: warning: return type of 'main' is not 'int' [-Wmain]
   11 | void main(void){
      |      ^~~~
../Core/Src/main.c: In function 'main':
../Core/Src/main.c:19:1: error: 'GPIO_ODR' undeclared (first use in this function); did you mean 'GPIOA_ODR'?
   19 | GPIO_ODR ^= 1<<13;
      | ^~~~~~~~
      | GPIOA_ODR
../Core/Src/main.c:19:1: note: each undeclared identifier is reported only once for each function it appears in
make: *** [Core/Src/subdir.mk:34: Core/Src/main.o] Error 1
"make -j16 all" terminated with exit code 2. Build might be incomplete.
13:50:03 **** Incremental Build of configuration Debug for project toggleLed ****
make -j16 all 
arm-none-eabi-gcc "../Core/Src/main.c" -mcpu=cortex-m3 -std=gnu11 -g3 -DDEBUG -DUSE_HAL_DRIVER -DSTM32F103x6 -c -I../Core/Inc -I../Drivers/STM32F1xx_HAL_Driver/Inc/Legacy -I../Drivers/STM32F1xx_HAL_Driver/Inc -I../Drivers/CMSIS/Device/ST/STM32F1xx/Include -I../Drivers/CMSIS/Include -O0 -ffunction-sections -fdata-sections -Wall -fstack-usage -fcyclomatic-complexity -MMD -MP -MF"Core/Src/main.d" -MT"Core/Src/main.o" --specs=nano.specs -mfloat-abi=soft -mthumb -o "Core/Src/main.o"
../Core/Src/main.c:11:6: warning: return type of 'main' is not 'int' [-Wmain]
   11 | void main(void){
      |      ^~~~
arm-none-eabi-gcc -o "toggleLed.elf" @"objects.list"   -mcpu=cortex-m3 -T"C:\Users\LordKuro4Life\Downloads\ks\Embedded-Systems-Learn-in-Depth\Assignments\02-Embedded C\01\03-LED Toggle on STM32F103CX\CubeIDE\toggleLed\STM32F103C6TX_FLASH.ld" --specs=nosys.specs -Wl,-Map="toggleLed.map" -Wl,--gc-sections -static --specs=nano.specs -mfloat-abi=soft -mthumb -Wl,--start-group -lc -lm -Wl,--end-group
Finished building target: toggleLed.elf
 
arm-none-eabi-size   toggleLed.elf 
arm-none-eabi-objdump -h -S  toggleLed.elf  > "toggleLed.list"
arm-none-eabi-objcopy  -O ihex  toggleLed.elf  "toggleLed.hex"
   text	   data	    bss	    dec	    hex	filename
    744	     12	   1572	   2328	    918	toggleLed.elf
Finished building: default.size.stdout
 
Finished building: toggleLed.hex
Finished building: toggleLed.list
 
 
14:08:31 **** Incremental Build of configuration Debug for project toggleLed ****
make -j16 all 
arm-none-eabi-gcc "../Core/Src/main.c" -mcpu=cortex-m3 -std=gnu11 -g3 -DDEBUG -DUSE_HAL_DRIVER -DSTM32F103x6 -c -I../Core/Inc -I../Drivers/STM32F1xx_HAL_Driver/Inc/Legacy -I../Drivers/STM32F1xx_HAL_Driver/Inc -I../Drivers/CMSIS/Device/ST/STM32F1xx/Include -I../Drivers/CMSIS/Include -O0 -ffunction-sections -fdata-sections -Wall -fstack-usage -fcyclomatic-complexity -MMD -MP -MF"Core/Src/main.d" -MT"Core/Src/main.o" --specs=nano.specs -mfloat-abi=soft -mthumb -o "Core/Src/main.o"
../Core/Src/main.c:11:6: warning: return type of 'main' is not 'int' [-Wmain]
   11 | void main(void){
      |      ^~~~
arm-none-eabi-gcc -o "toggleLed.elf" @"objects.list"   -mcpu=cortex-m3 -T"C:\Users\LordKuro4Life\Downloads\ks\Embedded-Systems-Learn-in-Depth\Assignments\02-Embedded C\01\03-LED Toggle on STM32F103CX\CubeIDE\toggleLed\STM32F103C6TX_FLASH.ld" --specs=nosys.specs -Wl,-Map="toggleLed.map" -Wl,--gc-sections -static --specs=nano.specs -mfloat-abi=soft -mthumb -Wl,--start-group -lc -lm -Wl,--end-group
Finished building target: toggleLed.elf
 
arm-none-eabi-size   toggleLed.elf 
arm-none-eabi-objdump -h -S  toggleLed.elf  > "toggleLed.list"
arm-none-eabi-objcopy  -O ihex  toggleLed.elf  "toggleLed.hex"
   text	   data	    bss	    dec	    hex	filename
    744	     12	   1572	   2328	    918	toggleLed.elf
Finished building: default.size.stdout
 
Finished building: toggleLed.hex
Finished building: toggleLed.list
 
 
14:25:22 **** Incremental Build of configuration Debug for project toggleLed ****
make -j16 all 
arm-none-eabi-gcc "../Core/Src/main.c" -mcpu=cortex-m3 -std=gnu11 -g3 -DDEBUG -DUSE_HAL_DRIVER -DSTM32F103x6 -c -I../Core/Inc -I../Drivers/STM32F1xx_HAL_Driver/Inc/Legacy -I../Drivers/STM32F1xx_HAL_Driver/Inc -I../Drivers/CMSIS/Device/ST/STM32F1xx/Include -I../Drivers/CMSIS/Include -O0 -ffunction-sections -fdata-sections -Wall -fstack-usage -fcyclomatic-complexity -MMD -MP -MF"Core/Src/main.d" -MT"Core/Src/main.o" --specs=nano.specs -mfloat-abi=soft -mthumb -o "Core/Src/main.o"
../Core/Src/main.c:24:6: warning: return type of 'main' is not 'int' [-Wmain]
   24 | void main(void){
      |      ^~~~
arm-none-eabi-gcc -o "toggleLed.elf" @"objects.list"   -mcpu=cortex-m3 -T"C:\Users\LordKuro4Life\Downloads\ks\Embedded-Systems-Learn-in-Depth\Assignments\02-Embedded C\01\03-LED Toggle on STM32F103CX\CubeIDE\toggleLed\STM32F103C6TX_FLASH.ld" --specs=nosys.specs -Wl,-Map="toggleLed.map" -Wl,--gc-sections -static --specs=nano.specs -mfloat-abi=soft -mthumb -Wl,--start-group -lc -lm -Wl,--end-group
Finished building target: toggleLed.elf
 
arm-none-eabi-size   toggleLed.elf 
arm-none-eabi-objdump -h -S  toggleLed.elf  > "toggleLed.list"
arm-none-eabi-objcopy  -O ihex  toggleLed.elf  "toggleLed.hex"
   text	   data	    bss	    dec	    hex	filename
    764	     16	   1568	   2348	    92c	toggleLed.elf
Finished building: default.size.stdout
 
Finished building: toggleLed.hex
Finished building: toggleLed.list
 
 
14:42:54 **** Incremental Build of configuration Debug for project toggleLed ****
make -j16 all 
arm-none-eabi-gcc "../Core/Src/main.c" -mcpu=cortex-m3 -std=gnu11 -g3 -DDEBUG -DUSE_HAL_DRIVER -DSTM32F103x6 -c -I../Core/Inc -I../Drivers/STM32F1xx_HAL_Driver/Inc/Legacy -I../Drivers/STM32F1xx_HAL_Driver/Inc -I../Drivers/CMSIS/Device/ST/STM32F1xx/Include -I../Drivers/CMSIS/Include -O0 -ffunction-sections -fdata-sections -Wall -fstack-usage -fcyclomatic-complexity -MMD -MP -MF"Core/Src/main.d" -MT"Core/Src/main.o" --specs=nano.specs -mfloat-abi=soft -mthumb -o "Core/Src/main.o"
../Core/Src/main.c:24:6: warning: return type of 'main' is not 'int' [-Wmain]
   24 | void main(void){
      |      ^~~~
arm-none-eabi-gcc -o "toggleLed.elf" @"objects.list"   -mcpu=cortex-m3 -T"C:\Users\LordKuro4Life\Downloads\ks\Embedded-Systems-Learn-in-Depth\Assignments\02-Embedded C\01\03-LED Toggle on STM32F103CX\CubeIDE\toggleLed\STM32F103C6TX_FLASH.ld" --specs=nosys.specs -Wl,-Map="toggleLed.map" -Wl,--gc-sections -static --specs=nano.specs -mfloat-abi=soft -mthumb -Wl,--start-group -lc -lm -Wl,--end-group
Finished building target: toggleLed.elf
 
arm-none-eabi-size   toggleLed.elf 
arm-none-eabi-objdump -h -S  toggleLed.elf  > "toggleLed.list"
arm-none-eabi-objcopy  -O ihex  toggleLed.elf  "toggleLed.hex"
   text	   data	    bss	    dec	    hex	filename
    764	     16	   1568	   2348	    92c	toggleLed.elf
Finished building: default.size.stdout
 
Finished building: toggleLed.hex
Finished building: toggleLed.list
 
 
14:43:23 **** Incremental Build of configuration Debug for project toggleLed ****
make -j16 all 
arm-none-eabi-gcc "../Core/Src/main.c" -mcpu=cortex-m3 -std=gnu11 -g3 -DDEBUG -DUSE_HAL_DRIVER -DSTM32F103x6 -c -I../Core/Inc -I../Drivers/STM32F1xx_HAL_Driver/Inc/Legacy -I../Drivers/STM32F1xx_HAL_Driver/Inc -I../Drivers/CMSIS/Device/ST/STM32F1xx/Include -I../Drivers/CMSIS/Include -O0 -ffunction-sections -fdata-sections -Wall -fstack-usage -fcyclomatic-complexity -MMD -MP -MF"Core/Src/main.d" -MT"Core/Src/main.o" --specs=nano.specs -mfloat-abi=soft -mthumb -o "Core/Src/main.o"
../Core/Src/main.c:24:6: warning: return type of 'main' is not 'int' [-Wmain]
   24 | void main(void){
      |      ^~~~
arm-none-eabi-gcc -o "toggleLed.elf" @"objects.list"   -mcpu=cortex-m3 -T"C:\Users\LordKuro4Life\Downloads\ks\Embedded-Systems-Learn-in-Depth\Assignments\02-Embedded C\01\03-LED Toggle on STM32F103CX\CubeIDE\toggleLed\STM32F103C6TX_FLASH.ld" --specs=nosys.specs -Wl,-Map="toggleLed.map" -Wl,--gc-sections -static --specs=nano.specs -mfloat-abi=soft -mthumb -Wl,--start-group -lc -lm -Wl,--end-group
Finished building target: toggleLed.elf
 
arm-none-eabi-size   toggleLed.elf 
arm-none-eabi-objdump -h -S  toggleLed.elf  > "toggleLed.list"
arm-none-eabi-objcopy  -O ihex  toggleLed.elf  "toggleLed.hex"
   text	   data	    bss	    dec	    hex	filename
    764	     16	   1568	   2348	    92c	toggleLed.elf
Finished building: default.size.stdout
 
Finished building: toggleLed.hex
Finished building: toggleLed.list
 
 
14:44:26 **** Incremental Build of configuration Debug for project toggleLed ****
make -j16 all 
arm-none-eabi-gcc "../Core/Src/main.c" -mcpu=cortex-m3 -std=gnu11 -g3 -DDEBUG -DUSE_HAL_DRIVER -DSTM32F103x6 -c -I../Core/Inc -I../Drivers/STM32F1xx_HAL_Driver/Inc/Legacy -I../Drivers/STM32F1xx_HAL_Driver/Inc -I../Drivers/CMSIS/Device/ST/STM32F1xx/Include -I../Drivers/CMSIS/Include -O0 -ffunction-sections -fdata-sections -Wall -fstack-usage -fcyclomatic-complexity -MMD -MP -MF"Core/Src/main.d" -MT"Core/Src/main.o" --specs=nano.specs -mfloat-abi=soft -mthumb -o "Core/Src/main.o"
../Core/Src/main.c:24:6: warning: return type of 'main' is not 'int' [-Wmain]
   24 | void main(void){
      |      ^~~~
arm-none-eabi-gcc -o "toggleLed.elf" @"objects.list"   -mcpu=cortex-m3 -T"C:\Users\LordKuro4Life\Downloads\ks\Embedded-Systems-Learn-in-Depth\Assignments\02-Embedded C\01\03-LED Toggle on STM32F103CX\CubeIDE\toggleLed\STM32F103C6TX_FLASH.ld" --specs=nosys.specs -Wl,-Map="toggleLed.map" -Wl,--gc-sections -static --specs=nano.specs -mfloat-abi=soft -mthumb -Wl,--start-group -lc -lm -Wl,--end-group
Finished building target: toggleLed.elf
 
arm-none-eabi-size   toggleLed.elf 
arm-none-eabi-objdump -h -S  toggleLed.elf  > "toggleLed.list"
arm-none-eabi-objcopy  -O ihex  toggleLed.elf  "toggleLed.hex"
   text	   data	    bss	    dec	    hex	filename
    744	     12	   1572	   2328	    918	toggleLed.elf
Finished building: default.size.stdout
 
Finished building: toggleLed.hex
Finished building: toggleLed.list
 
 
14:45:08 **** Incremental Build of configuration Debug for project toggleLed ****
make -j16 all 
arm-none-eabi-gcc "../Core/Src/main.c" -mcpu=cortex-m3 -std=gnu11 -g3 -DDEBUG -DUSE_HAL_DRIVER -DSTM32F103x6 -c -I../Core/Inc -I../Drivers/STM32F1xx_HAL_Driver/Inc/Legacy -I../Drivers/STM32F1xx_HAL_Driver/Inc -I../Drivers/CMSIS/Device/ST/STM32F1xx/Include -I../Drivers/CMSIS/Include -O0 -ffunction-sections -fdata-sections -Wall -fstack-usage -fcyclomatic-complexity -MMD -MP -MF"Core/Src/main.d" -MT"Core/Src/main.o" --specs=nano.specs -mfloat-abi=soft -mthumb -o "Core/Src/main.o"
../Core/Src/main.c:24:6: warning: return type of 'main' is not 'int' [-Wmain]
   24 | void main(void){
      |      ^~~~
arm-none-eabi-gcc -o "toggleLed.elf" @"objects.list"   -mcpu=cortex-m3 -T"C:\Users\LordKuro4Life\Downloads\ks\Embedded-Systems-Learn-in-Depth\Assignments\02-Embedded C\01\03-LED Toggle on STM32F103CX\CubeIDE\toggleLed\STM32F103C6TX_FLASH.ld" --specs=nosys.specs -Wl,-Map="toggleLed.map" -Wl,--gc-sections -static --specs=nano.specs -mfloat-abi=soft -mthumb -Wl,--start-group -lc -lm -Wl,--end-group
Finished building target: toggleLed.elf
 
arm-none-eabi-size   toggleLed.elf 
arm-none-eabi-objdump -h -S  toggleLed.elf  > "toggleLed.list"
arm-none-eabi-objcopy  -O ihex  toggleLed.elf  "toggleLed.hex"
   text	   data	    bss	    dec	    hex	filename
    756	     16	   1568	   2340	    924	toggleLed.elf
Finished building: default.size.stdout
 
Finished building: toggleLed.hex
Finished building: toggleLed.list
 
 
14:48:28 **** Incremental Build of configuration Debug for project toggleLed ****
make -j16 all 
arm-none-eabi-size   toggleLed.elf 
   text	   data	    bss	    dec	    hex	filename
    756	     16	   1568	   2340	    924	toggleLed.elf
Finished building: default.size.stdout
 
